// Jest Snapshot v1, https://goo.gl/fbAQLP

exports[`icon render success 是个 svg 1`] = `
<svg
  className="tui-icon"
>
  <use
    xlinkHref="#undefined"
  />
</svg>
`;
